C:\Users\Azeb\loananalysis\.venv\Lib\site-packages\sklearn\base.py:525: InconsistentVersionWarning: Trying to unpickle estimator OneHotEncoder from version 1.8.0 when using version 1.9.0. This might lead to breaking code or invalid results. Use at your own risk. For more info please refer to:
https://scikit-learn.org/stable/model_persistence.html#security-maintainability-limitations
  warnings.warn(
C:\Users\Azeb\loananalysis\.venv\Lib\site-packages\sklearn\base.py:525: InconsistentVersionWarning: Trying to unpickle estimator StandardScaler from version 1.8.0 when using version 1.9.0. This might lead to breaking code or invalid results. Use at your own risk. For more info please refer to:
https://scikit-learn.org/stable/model_persistence.html#security-maintainability-limitations
  warnings.warn(
C:\Users\Azeb\loananalysis\.venv\Lib\site-packages\sklearn\base.py:525: InconsistentVersionWarning: Trying to unpickle estimator ColumnTransformer from version 1.8.0 when using version 1.9.0. This might lead to breaking code or invalid results. Use at your own risk. For more info please refer to:
https://scikit-learn.org/stable/model_persistence.html#security-maintainability-limitations
  warnings.warn(
C:\Python313\Lib\pickle.py:1760: UserWarning: [13:53:09] WARNING: C:\actions-runner\_work\xgboost\xgboost\src\gbm\../common/error_msg.h:83: If you are loading a serialized model (like pickle in Python, RDS in R) or
configuration generated by an older version of XGBoost, please export the model by calling
`Booster.save_model` from that version first, then load it back in current version. See:

    https://xgboost.readthedocs.io/en/stable/tutorials/saving_model.html

for more details about differences between saving model and serializing.

  setstate(state)
C:\Users\Azeb\loananalysis\.venv\Lib\site-packages\sklearn\base.py:525: InconsistentVersionWarning: Trying to unpickle estimator Pipeline from version 1.8.0 when using version 1.9.0. This might lead to breaking code or invalid results. Use at your own risk. For more info please refer to:
https://scikit-learn.org/stable/model_persistence.html#security-maintainability-limitations
  warnings.warn(
INFO:     Started server process [10824]
INFO:     Waiting for application startup.
INFO:     Application startup complete.
INFO:     Uvicorn running on http://127.0.0.1:8000 (Press CTRL+C to quit)
C:\Users\Azeb\loananalysis\.venv\Lib\site-packages\sklearn\preprocessing\_encoders.py:262: UserWarning: Found unknown categories in columns [0, 1, 2, 3, 4] during transform. These unknown categories will be encoded as all zeros
  warnings.warn(msg, UserWarning)
C:\Users\Azeb\loananalysis\.venv\Lib\site-packages\sklearn\preprocessing\_encoders.py:262: UserWarning: Found unknown categories in columns [0, 1, 2, 3, 4] during transform. These unknown categories will be encoded as all zeros
  warnings.warn(msg, UserWarning)
C:\Users\Azeb\loananalysis\.venv\Lib\site-packages\sklearn\preprocessing\_encoders.py:262: UserWarning: Found unknown categories in columns [0, 1, 2, 3, 4] during transform. These unknown categories will be encoded as all zeros
  warnings.warn(msg, UserWarning)
C:\Users\Azeb\loananalysis\.venv\Lib\site-packages\sklearn\preprocessing\_encoders.py:262: UserWarning: Found unknown categories in columns [0, 1, 2, 3, 4] during transform. These unknown categories will be encoded as all zeros
  warnings.warn(msg, UserWarning)
